---
source: crates/ruff_python_parser/src/lexer.rs
expression: lex_source(source)
---
[
    FStringStart,
    FStringMiddle(
        "\\N",
    ),
    Lbrace,
    Name {
        name: "BULLET",
    },
    Rbrace,
    FStringMiddle(
        " normal",
    ),
    FStringEnd,
    Newline,
]
