---
source: crates/ruff_python_parser/src/lexer.rs
expression: lex_source(source)
---
[
    FStringStart,
    FStringMiddle(
        "\\N{BULLET} normal \\Nope",
    ),
    FStringEnd,
    Newline,
]
